// Jest Snapshot v1, https://goo.gl/fbAQLP

exports[`HomePageHeaderComponent should match snapshot 1`] = `"<div id=\\"root1\\" ng-version=\\"8.0.3\\"><nav class=\\"navbar navbar-expand-lg navbar-light bg-light\\"><a class=\\"navbar-brand\\" routerlink=\\"\\">Angular Games</a><button aria-controls=\\"navbarSupportedContent\\" aria-expanded=\\"false\\" aria-label=\\"Toggle navigation\\" class=\\"navbar-toggler\\" data-target=\\"#navbarSupportedContent\\" data-toggle=\\"collapse\\" type=\\"button\\"><span class=\\"navbar-toggler-icon\\"></span></button><div class=\\"collapse navbar-collapse\\" id=\\"navbarSupportedContent\\"><ul class=\\"navbar-nav mr-auto\\"><li class=\\"nav-item active\\"><a class=\\"nav-link\\" routerlink=\\"\\">Home<span class=\\"sr-only\\">(current)</span></a></li><li class=\\"nav-item active\\"><a class=\\"nav-link\\" routerlink=\\"/games\\">Games</a></li></ul><form class=\\"form-inline my-2 my-lg-0\\"><input aria-label=\\"Username\\" class=\\"form-control mr-sm-2\\" placeholder=\\"Username\\" type=\\"search\\"><input aria-label=\\"Password\\" class=\\"form-control mr-sm-2\\" placeholder=\\"Password\\" type=\\"password\\"><button class=\\"btn btn-outline-success my-2 my-sm-0\\" type=\\"submit\\">Login</button></form></div></nav></div>"`;
